CREATE EXTENSION dict_roman;
--lexize
SELECT ts_lexize('roman','X');
 ts_lexize
-----------
 {10}
(1 row)

